<?xml version="1.0"?>
<Map xmlns:xsi="http://www.w3.org/2001/XMLSchema-instance" xmlns:xsd="http://www.w3.org/2001/XMLSchema">
  <Columns>20</Columns>
  <Rows>20</Rows>
  <Cells>
    <CellType>Sand</CellType>
    <CellType>Sand</CellType>
    <CellType>Sand</CellType>
    <CellType>Sand</CellType>
    <CellType>Sand</CellType>
    <CellType>Sand</CellType>
    <CellType>Sand</CellType>
    <CellType>Sand</CellType>
    <CellType>Sand</CellType>
    <CellType>Sand</CellType>
    <CellType>Sand</CellType>
    <CellType>Sand</CellType>
    <CellType>Sand</CellType>
    <CellType>Sand</CellType>
    <CellType>Sand</CellType>
    <CellType>Sand</CellType>
    <CellType>Sand</CellType>
    <CellType>Sand</CellType>
    <CellType>Sand</CellType>
    <CellType>Sand</CellType>
    <CellType>Sand</CellType>
    <CellType>Sand</CellType>
    <CellType>Sand</CellType>
    <CellType>Sand</CellType>
    <CellType>Water</CellType>
    <CellType>Sand</CellType>
    <CellType>Sand</CellType>
    <CellType>Sand</CellType>
    <CellType>Sand</CellType>
    <CellType>Sand</CellType>
    <CellType>Sand</CellType>
    <CellType>Sand</CellType>
    <CellType>Sand</CellType>
    <CellType>Sand</CellType>
    <CellType>Sand</CellType>
    <CellType>Sand</CellType>
    <CellType>Sand</CellType>
    <CellType>Sand</CellType>
    <CellType>Sand</CellType>
    <CellType>Sand</CellType>
    <CellType>Grass</CellType>
    <CellType>Grass</CellType>
    <CellType>Grass</CellType>
    <CellType>Sand</CellType>
    <CellType>Sand</CellType>
    <CellType>Sand</CellType>
    <CellType>Sand</CellType>
    <CellType>Sand</CellType>
    <CellType>Sand</CellType>
    <CellType>Sand</CellType>
    <CellType>Sand</CellType>
    <CellType>Sand</CellType>
    <CellType>Sand</CellType>
    <CellType>Sand</CellType>
    <CellType>Sand</CellType>
    <CellType>Sand</CellType>
    <CellType>Sand</CellType>
    <CellType>Sand</CellType>
    <CellType>Sand</CellType>
    <CellType>Sand</CellType>
    <CellType>Grass</CellType>
    <CellType>Grass</CellType>
    <CellType>Grass</CellType>
    <CellType>Sand</CellType>
    <CellType>Sand</CellType>
    <CellType>Sand</CellType>
    <CellType>Sand</CellType>
    <CellType>Sand</CellType>
    <CellType>Sand</CellType>
    <CellType>Sand</CellType>
    <CellType>Sand</CellType>
    <CellType>Sand</CellType>
    <CellType>Sand</CellType>
    <CellType>Sand</CellType>
    <CellType>Sand</CellType>
    <CellType>Sand</CellType>
    <CellType>Sand</CellType>
    <CellType>Sand</CellType>
    <CellType>Sand</CellType>
    <CellType>Sand</CellType>
    <CellType>Grass</CellType>
    <CellType>Grass</CellType>
    <CellType>Grass</CellType>
    <CellType>Sand</CellType>
    <CellType>Sand</CellType>
    <CellType>Sand</CellType>
    <CellType>Sand</CellType>
    <CellType>Sand</CellType>
    <CellType>Sand</CellType>
    <CellType>Sand</CellType>
    <CellType>Sand</CellType>
    <CellType>Sand</CellType>
    <CellType>Sand</CellType>
    <CellType>Sand</CellType>
    <CellType>Sand</CellType>
    <CellType>Sand</CellType>
    <CellType>Sand</CellType>
    <CellType>Sand</CellType>
    <CellType>Sand</CellType>
    <CellType>Sand</CellType>
    <CellType>Sand</CellType>
    <CellType>Sand</CellType>
    <CellType>Sand</CellType>
    <CellType>Sand</CellType>
    <CellType>Sand</CellType>
    <CellType>Sand</CellType>
    <CellType>Sand</CellType>
    <CellType>Sand</CellType>
    <CellType>Sand</CellType>
    <CellType>Sand</CellType>
    <CellType>Sand</CellType>
    <CellType>Sand</CellType>
    <CellType>Sand</CellType>
    <CellType>Sand</CellType>
    <CellType>Sand</CellType>
    <CellType>Sand</CellType>
    <CellType>Sand</CellType>
    <CellType>Sand</CellType>
    <CellType>Sand</CellType>
    <CellType>Sand</CellType>
    <CellType>Sand</CellType>
    <CellType>Sand</CellType>
    <CellType>Sand</CellType>
    <CellType>Sand</CellType>
    <CellType>Sand</CellType>
    <CellType>Sand</CellType>
    <CellType>Sand</CellType>
    <CellType>Sand</CellType>
    <CellType>Sand</CellType>
    <CellType>Sand</CellType>
    <CellType>Sand</CellType>
    <CellType>Sand</CellType>
    <CellType>Sand</CellType>
    <CellType>Sand</CellType>
    <CellType>Sand</CellType>
    <CellType>Sand</CellType>
    <CellType>Sand</CellType>
    <CellType>Sand</CellType>
    <CellType>Sand</CellType>
    <CellType>Sand</CellType>
    <CellType>Sand</CellType>
    <CellType>Sand</CellType>
    <CellType>Sand</CellType>
    <CellType>Sand</CellType>
    <CellType>Sand</CellType>
    <CellType>Sand</CellType>
    <CellType>Sand</CellType>
    <CellType>Sand</CellType>
    <CellType>Sand</CellType>
    <CellType>Sand</CellType>
    <CellType>Sand</CellType>
    <CellType>Sand</CellType>
    <CellType>Sand</CellType>
    <CellType>Sand</CellType>
    <CellType>Sand</CellType>
    <CellType>Sand</CellType>
    <CellType>Sand</CellType>
    <CellType>Sand</CellType>
    <CellType>Grass</CellType>
    <CellType>Grass</CellType>
    <CellType>Sand</CellType>
    <CellType>Sand</CellType>
    <CellType>Sand</CellType>
    <CellType>Sand</CellType>
    <CellType>Sand</CellType>
    <CellType>Sand</CellType>
    <CellType>Sand</CellType>
    <CellType>Sand</CellType>
    <CellType>Sand</CellType>
    <CellType>Sand</CellType>
    <CellType>Sand</CellType>
    <CellType>Sand</CellType>
    <CellType>Sand</CellType>
    <CellType>Sand</CellType>
    <CellType>Sand</CellType>
    <CellType>Sand</CellType>
    <CellType>Sand</CellType>
    <CellType>Grass</CellType>
    <CellType>Grass</CellType>
    <CellType>Grass</CellType>
    <CellType>Sand</CellType>
    <CellType>Sand</CellType>
    <CellType>Sand</CellType>
    <CellType>Sand</CellType>
    <CellType>Sand</CellType>
    <CellType>Sand</CellType>
    <CellType>Sand</CellType>
    <CellType>Sand</CellType>
    <CellType>Sand</CellType>
    <CellType>Sand</CellType>
    <CellType>Sand</CellType>
    <CellType>Sand</CellType>
    <CellType>Sand</CellType>
    <CellType>Sand</CellType>
    <CellType>Sand</CellType>
    <CellType>Sand</CellType>
    <CellType>Grass</CellType>
    <CellType>Grass</CellType>
    <CellType>Grass</CellType>
    <CellType>Grass</CellType>
    <CellType>Sand</CellType>
    <CellType>Sand</CellType>
    <CellType>Sand</CellType>
    <CellType>Sand</CellType>
    <CellType>Sand</CellType>
    <CellType>Sand</CellType>
    <CellType>Sand</CellType>
    <CellType>Sand</CellType>
    <CellType>Sand</CellType>
    <CellType>Sand</CellType>
    <CellType>Sand</CellType>
    <CellType>Sand</CellType>
    <CellType>Sand</CellType>
    <CellType>Sand</CellType>
    <CellType>Sand</CellType>
    <CellType>Grass</CellType>
    <CellType>Grass</CellType>
    <CellType>Grass</CellType>
    <CellType>Grass</CellType>
    <CellType>Grass</CellType>
    <CellType>Sand</CellType>
    <CellType>Sand</CellType>
    <CellType>Sand</CellType>
    <CellType>Sand</CellType>
    <CellType>Sand</CellType>
    <CellType>Sand</CellType>
    <CellType>Sand</CellType>
    <CellType>Sand</CellType>
    <CellType>Sand</CellType>
    <CellType>Sand</CellType>
    <CellType>Sand</CellType>
    <CellType>Sand</CellType>
    <CellType>Sand</CellType>
    <CellType>Sand</CellType>
    <CellType>Grass</CellType>
    <CellType>Grass</CellType>
    <CellType>Grass</CellType>
    <CellType>Grass</CellType>
    <CellType>Grass</CellType>
    <CellType>Grass</CellType>
    <CellType>Sand</CellType>
    <CellType>Sand</CellType>
    <CellType>Sand</CellType>
    <CellType>Sand</CellType>
    <CellType>Sand</CellType>
    <CellType>Sand</CellType>
    <CellType>Sand</CellType>
    <CellType>Sand</CellType>
    <CellType>Sand</CellType>
    <CellType>Sand</CellType>
    <CellType>Sand</CellType>
    <CellType>Sand</CellType>
    <CellType>Grass</CellType>
    <CellType>Grass</CellType>
    <CellType>Grass</CellType>
    <CellType>Grass</CellType>
    <CellType>Grass</CellType>
    <CellType>Grass</CellType>
    <CellType>Grass</CellType>
    <CellType>Grass</CellType>
    <CellType>Sand</CellType>
    <CellType>Sand</CellType>
    <CellType>Sand</CellType>
    <CellType>Sand</CellType>
    <CellType>Sand</CellType>
    <CellType>Sand</CellType>
    <CellType>Sand</CellType>
    <CellType>Sand</CellType>
    <CellType>Sand</CellType>
    <CellType>Sand</CellType>
    <CellType>Sand</CellType>
    <CellType>Grass</CellType>
    <CellType>Grass</CellType>
    <CellType>Grass</CellType>
    <CellType>Grass</CellType>
    <CellType>Grass</CellType>
    <CellType>Grass</CellType>
    <CellType>Grass</CellType>
    <CellType>Grass</CellType>
    <CellType>Grass</CellType>
    <CellType>Sand</CellType>
    <CellType>Sand</CellType>
    <CellType>Sand</CellType>
    <CellType>Sand</CellType>
    <CellType>Sand</CellType>
    <CellType>Sand</CellType>
    <CellType>Sand</CellType>
    <CellType>Sand</CellType>
    <CellType>Sand</CellType>
    <CellType>Sand</CellType>
    <CellType>Grass</CellType>
    <CellType>Grass</CellType>
    <CellType>Grass</CellType>
    <CellType>Grass</CellType>
    <CellType>Grass</CellType>
    <CellType>Grass</CellType>
    <CellType>Grass</CellType>
    <CellType>Grass</CellType>
    <CellType>Grass</CellType>
    <CellType>Grass</CellType>
    <CellType>Sand</CellType>
    <CellType>Sand</CellType>
    <CellType>Sand</CellType>
    <CellType>Sand</CellType>
    <CellType>Sand</CellType>
    <CellType>Sand</CellType>
    <CellType>Sand</CellType>
    <CellType>Sand</CellType>
    <CellType>Grass</CellType>
    <CellType>Grass</CellType>
    <CellType>Grass</CellType>
    <CellType>Grass</CellType>
    <CellType>Grass</CellType>
    <CellType>Grass</CellType>
    <CellType>Grass</CellType>
    <CellType>Grass</CellType>
    <CellType>Grass</CellType>
    <CellType>Grass</CellType>
    <CellType>Grass</CellType>
    <CellType>Grass</CellType>
    <CellType>Sand</CellType>
    <CellType>Sand</CellType>
    <CellType>Sand</CellType>
    <CellType>Sand</CellType>
    <CellType>Sand</CellType>
    <CellType>Sand</CellType>
    <CellType>Sand</CellType>
    <CellType>Grass</CellType>
    <CellType>Grass</CellType>
    <CellType>Grass</CellType>
    <CellType>Grass</CellType>
    <CellType>Grass</CellType>
    <CellType>Grass</CellType>
    <CellType>Grass</CellType>
    <CellType>Grass</CellType>
    <CellType>Grass</CellType>
    <CellType>Grass</CellType>
    <CellType>Grass</CellType>
    <CellType>Grass</CellType>
    <CellType>Grass</CellType>
    <CellType>Sand</CellType>
    <CellType>Sand</CellType>
    <CellType>Sand</CellType>
    <CellType>Sand</CellType>
    <CellType>Sand</CellType>
    <CellType>Grass</CellType>
    <CellType>Grass</CellType>
    <CellType>Grass</CellType>
    <CellType>Grass</CellType>
    <CellType>Grass</CellType>
    <CellType>Grass</CellType>
    <CellType>Grass</CellType>
    <CellType>Grass</CellType>
    <CellType>Grass</CellType>
    <CellType>Grass</CellType>
    <CellType>Grass</CellType>
    <CellType>Grass</CellType>
    <CellType>Grass</CellType>
    <CellType>Grass</CellType>
    <CellType>Grass</CellType>
    <CellType>Sand</CellType>
    <CellType>Sand</CellType>
    <CellType>Sand</CellType>
    <CellType>Sand</CellType>
    <CellType>Grass</CellType>
    <CellType>Grass</CellType>
    <CellType>Grass</CellType>
    <CellType>Grass</CellType>
    <CellType>Grass</CellType>
    <CellType>Grass</CellType>
    <CellType>Grass</CellType>
    <CellType>Grass</CellType>
    <CellType>Grass</CellType>
    <CellType>Grass</CellType>
    <CellType>Grass</CellType>
    <CellType>Grass</CellType>
    <CellType>Grass</CellType>
    <CellType>Grass</CellType>
    <CellType>Grass</CellType>
    <CellType>Grass</CellType>
    <CellType>Sand</CellType>
    <CellType>Sand</CellType>
    <CellType>Grass</CellType>
    <CellType>Grass</CellType>
    <CellType>Grass</CellType>
    <CellType>Grass</CellType>
    <CellType>Grass</CellType>
    <CellType>Grass</CellType>
    <CellType>Grass</CellType>
    <CellType>Grass</CellType>
    <CellType>Grass</CellType>
    <CellType>Grass</CellType>
    <CellType>Grass</CellType>
    <CellType>Grass</CellType>
    <CellType>Grass</CellType>
    <CellType>Grass</CellType>
    <CellType>Grass</CellType>
    <CellType>Grass</CellType>
    <CellType>Grass</CellType>
    <CellType>Grass</CellType>
  </Cells>
  <Items>
    <Item xsi:type="BoxItem">
      <Position>
        <X>5.5</X>
        <Y>2.5</Y>
      </Position>
      <InventoryItems>
        <InventoryItem>
          <Name>Diamant</Name>
        </InventoryItem>
      </InventoryItems>
    </Item>
    <Item xsi:type="TreeItem">
      <Position>
        <X>4.5</X>
        <Y>4.5</Y>
      </Position>
    </Item>
    <Item xsi:type="TreeItem">
      <Position>
        <X>6.5</X>
        <Y>6.5</Y>
      </Position>
    </Item>
    <Item xsi:type="TreeItem">
      <Position>
        <X>10.5</X>
        <Y>6.5</Y>
      </Position>
    </Item>
    <Item xsi:type="TreeItem">
      <Position>
        <X>13.5</X>
        <Y>4.5</Y>
      </Position>
    </Item>
    <Item xsi:type="TreeItem">
      <Position>
        <X>1.5</X>
        <Y>2.5</Y>
      </Position>
    </Item>
    <Item xsi:type="TreeItem">
      <Position>
        <X>17.5</X>
        <Y>4.5</Y>
      </Position>
    </Item>
    <Item xsi:type="TreeItem">
      <Position>
        <X>1.5</X>
        <Y>6.5</Y>
      </Position>
    </Item>
    <Item xsi:type="TreeItem">
      <Position>
        <X>4.5</X>
        <Y>8.5</Y>
      </Position>
    </Item>
    <Item xsi:type="TreeItem">
      <Position>
        <X>10.5</X>
        <Y>9.5</Y>
      </Position>
    </Item>
    <Item xsi:type="TreeItem">
      <Position>
        <X>14.5</X>
        <Y>8.5</Y>
      </Position>
    </Item>
    <Item xsi:type="TreeItem">
      <Position>
        <X>16.5</X>
        <Y>7.5</Y>
      </Position>
    </Item>
  </Items>
</Map>