<?xml version="1.0"?>
<Map xmlns:xsi="http://www.w3.org/2001/XMLSchema-instance" xmlns:xsd="http://www.w3.org/2001/XMLSchema">
  <Columns>40</Columns>
  <Rows>40</Rows>
  <Cells>
    <CellType>Sand</CellType>
    <CellType>Sand</CellType>
    <CellType>Sand</CellType>
    <CellType>Sand</CellType>
    <CellType>Sand</CellType>
    <CellType>Sand</CellType>
    <CellType>Sand</CellType>
    <CellType>Sand</CellType>
    <CellType>Sand</CellType>
    <CellType>Sand</CellType>
    <CellType>Sand</CellType>
    <CellType>Sand</CellType>
    <CellType>Sand</CellType>
    <CellType>Sand</CellType>
    <CellType>Sand</CellType>
    <CellType>Sand</CellType>
    <CellType>Sand</CellType>
    <CellType>Sand</CellType>
    <CellType>Sand</CellType>
    <CellType>Sand</CellType>
    <CellType>Sand</CellType>
    <CellType>Sand</CellType>
    <CellType>Sand</CellType>
    <CellType>Sand</CellType>
    <CellType>Sand</CellType>
    <CellType>Sand</CellType>
    <CellType>Sand</CellType>
    <CellType>Sand</CellType>
    <CellType>Sand</CellType>
    <CellType>Sand</CellType>
    <CellType>Sand</CellType>
    <CellType>Sand</CellType>
    <CellType>Sand</CellType>
    <CellType>Sand</CellType>
    <CellType>Sand</CellType>
    <CellType>Sand</CellType>
    <CellType>Sand</CellType>
    <CellType>Sand</CellType>
    <CellType>Sand</CellType>
    <CellType>Sand</CellType>
    <CellType>Grass</CellType>
    <CellType>Grass</CellType>
    <CellType>Grass</CellType>
    <CellType>Grass</CellType>
    <CellType>Grass</CellType>
    <CellType>Grass</CellType>
    <CellType>Grass</CellType>
    <CellType>Grass</CellType>
    <CellType>Grass</CellType>
    <CellType>Grass</CellType>
    <CellType>Grass</CellType>
    <CellType>Grass</CellType>
    <CellType>Grass</CellType>
    <CellType>Grass</CellType>
    <CellType>Grass</CellType>
    <CellType>Grass</CellType>
    <CellType>Grass</CellType>
    <CellType>Grass</CellType>
    <CellType>Grass</CellType>
    <CellType>Grass</CellType>
    <CellType>Grass</CellType>
    <CellType>Grass</CellType>
    <CellType>Grass</CellType>
    <CellType>Grass</CellType>
    <CellType>Grass</CellType>
    <CellType>Grass</CellType>
    <CellType>Grass</CellType>
    <CellType>Grass</CellType>
    <CellType>Grass</CellType>
    <CellType>Grass</CellType>
    <CellType>Grass</CellType>
    <CellType>Grass</CellType>
    <CellType>Grass</CellType>
    <CellType>Grass</CellType>
    <CellType>Grass</CellType>
    <CellType>Grass</CellType>
    <CellType>Grass</CellType>
    <CellType>Grass</CellType>
    <CellType>Grass</CellType>
    <CellType>Sand</CellType>
    <CellType>Grass</CellType>
    <CellType>Grass</CellType>
    <CellType>Grass</CellType>
    <CellType>Grass</CellType>
    <CellType>Grass</CellType>
    <CellType>Grass</CellType>
    <CellType>Grass</CellType>
    <CellType>Grass</CellType>
    <CellType>Grass</CellType>
    <CellType>Grass</CellType>
    <CellType>Grass</CellType>
    <CellType>Grass</CellType>
    <CellType>Grass</CellType>
    <CellType>Grass</CellType>
    <CellType>Grass</CellType>
    <CellType>Grass</CellType>
    <CellType>Grass</CellType>
    <CellType>Grass</CellType>
    <CellType>Grass</CellType>
    <CellType>Grass</CellType>
    <CellType>Grass</CellType>
    <CellType>Grass</CellType>
    <CellType>Grass</CellType>
    <CellType>Grass</CellType>
    <CellType>Grass</CellType>
    <CellType>Grass</CellType>
    <CellType>Grass</CellType>
    <CellType>Grass</CellType>
    <CellType>Grass</CellType>
    <CellType>Grass</CellType>
    <CellType>Grass</CellType>
    <CellType>Grass</CellType>
    <CellType>Grass</CellType>
    <CellType>Grass</CellType>
    <CellType>Grass</CellType>
    <CellType>Grass</CellType>
    <CellType>Grass</CellType>
    <CellType>Grass</CellType>
    <CellType>Grass</CellType>
    <CellType>Sand</CellType>
    <CellType>Grass</CellType>
    <CellType>Grass</CellType>
    <CellType>Grass</CellType>
    <CellType>Grass</CellType>
    <CellType>Grass</CellType>
    <CellType>Grass</CellType>
    <CellType>Grass</CellType>
    <CellType>Grass</CellType>
    <CellType>Grass</CellType>
    <CellType>Grass</CellType>
    <CellType>Grass</CellType>
    <CellType>Grass</CellType>
    <CellType>Grass</CellType>
    <CellType>Grass</CellType>
    <CellType>Grass</CellType>
    <CellType>Grass</CellType>
    <CellType>Grass</CellType>
    <CellType>Grass</CellType>
    <CellType>Grass</CellType>
    <CellType>Grass</CellType>
    <CellType>Grass</CellType>
    <CellType>Grass</CellType>
    <CellType>Grass</CellType>
    <CellType>Grass</CellType>
    <CellType>Grass</CellType>
    <CellType>Grass</CellType>
    <CellType>Grass</CellType>
    <CellType>Grass</CellType>
    <CellType>Grass</CellType>
    <CellType>Grass</CellType>
    <CellType>Grass</CellType>
    <CellType>Grass</CellType>
    <CellType>Grass</CellType>
    <CellType>Grass</CellType>
    <CellType>Grass</CellType>
    <CellType>Grass</CellType>
    <CellType>Grass</CellType>
    <CellType>Grass</CellType>
    <CellType>Grass</CellType>
    <CellType>Sand</CellType>
    <CellType>Grass</CellType>
    <CellType>Grass</CellType>
    <CellType>Grass</CellType>
    <CellType>Grass</CellType>
    <CellType>Grass</CellType>
    <CellType>Grass</CellType>
    <CellType>Grass</CellType>
    <CellType>Grass</CellType>
    <CellType>Grass</CellType>
    <CellType>Grass</CellType>
    <CellType>Grass</CellType>
    <CellType>Grass</CellType>
    <CellType>Grass</CellType>
    <CellType>Grass</CellType>
    <CellType>Grass</CellType>
    <CellType>Grass</CellType>
    <CellType>Grass</CellType>
    <CellType>Grass</CellType>
    <CellType>Grass</CellType>
    <CellType>Grass</CellType>
    <CellType>Grass</CellType>
    <CellType>Grass</CellType>
    <CellType>Grass</CellType>
    <CellType>Grass</CellType>
    <CellType>Grass</CellType>
    <CellType>Grass</CellType>
    <CellType>Grass</CellType>
    <CellType>Grass</CellType>
    <CellType>Grass</CellType>
    <CellType>Grass</CellType>
    <CellType>Grass</CellType>
    <CellType>Grass</CellType>
    <CellType>Grass</CellType>
    <CellType>Grass</CellType>
    <CellType>Grass</CellType>
    <CellType>Grass</CellType>
    <CellType>Grass</CellType>
    <CellType>Grass</CellType>
    <CellType>Grass</CellType>
    <CellType>Sand</CellType>
    <CellType>Grass</CellType>
    <CellType>Grass</CellType>
    <CellType>Grass</CellType>
    <CellType>Grass</CellType>
    <CellType>Grass</CellType>
    <CellType>Grass</CellType>
    <CellType>Grass</CellType>
    <CellType>Grass</CellType>
    <CellType>Grass</CellType>
    <CellType>Grass</CellType>
    <CellType>Grass</CellType>
    <CellType>Grass</CellType>
    <CellType>Grass</CellType>
    <CellType>Water</CellType>
    <CellType>Water</CellType>
    <CellType>Grass</CellType>
    <CellType>Grass</CellType>
    <CellType>Grass</CellType>
    <CellType>Grass</CellType>
    <CellType>Grass</CellType>
    <CellType>Grass</CellType>
    <CellType>Grass</CellType>
    <CellType>Grass</CellType>
    <CellType>Grass</CellType>
    <CellType>Grass</CellType>
    <CellType>Grass</CellType>
    <CellType>Grass</CellType>
    <CellType>Grass</CellType>
    <CellType>Grass</CellType>
    <CellType>Grass</CellType>
    <CellType>Grass</CellType>
    <CellType>Grass</CellType>
    <CellType>Grass</CellType>
    <CellType>Grass</CellType>
    <CellType>Grass</CellType>
    <CellType>Grass</CellType>
    <CellType>Grass</CellType>
    <CellType>Grass</CellType>
    <CellType>Grass</CellType>
    <CellType>Sand</CellType>
    <CellType>Grass</CellType>
    <CellType>Grass</CellType>
    <CellType>Grass</CellType>
    <CellType>Grass</CellType>
    <CellType>Grass</CellType>
    <CellType>Grass</CellType>
    <CellType>Grass</CellType>
    <CellType>Grass</CellType>
    <CellType>Grass</CellType>
    <CellType>Grass</CellType>
    <CellType>Water</CellType>
    <CellType>Water</CellType>
    <CellType>Water</CellType>
    <CellType>Water</CellType>
    <CellType>Grass</CellType>
    <CellType>Grass</CellType>
    <CellType>Grass</CellType>
    <CellType>Grass</CellType>
    <CellType>Grass</CellType>
    <CellType>Grass</CellType>
    <CellType>Grass</CellType>
    <CellType>Grass</CellType>
    <CellType>Grass</CellType>
    <CellType>Grass</CellType>
    <CellType>Grass</CellType>
    <CellType>Grass</CellType>
    <CellType>Grass</CellType>
    <CellType>Grass</CellType>
    <CellType>Grass</CellType>
    <CellType>Grass</CellType>
    <CellType>Grass</CellType>
    <CellType>Grass</CellType>
    <CellType>Grass</CellType>
    <CellType>Grass</CellType>
    <CellType>Grass</CellType>
    <CellType>Grass</CellType>
    <CellType>Grass</CellType>
    <CellType>Grass</CellType>
    <CellType>Grass</CellType>
    <CellType>Sand</CellType>
    <CellType>Grass</CellType>
    <CellType>Grass</CellType>
    <CellType>Grass</CellType>
    <CellType>Grass</CellType>
    <CellType>Grass</CellType>
    <CellType>Grass</CellType>
    <CellType>Grass</CellType>
    <CellType>Grass</CellType>
    <CellType>Grass</CellType>
    <CellType>Water</CellType>
    <CellType>Water</CellType>
    <CellType>Water</CellType>
    <CellType>Grass</CellType>
    <CellType>Sand</CellType>
    <CellType>Sand</CellType>
    <CellType>Sand</CellType>
    <CellType>Sand</CellType>
    <CellType>Sand</CellType>
    <CellType>Sand</CellType>
    <CellType>Grass</CellType>
    <CellType>Grass</CellType>
    <CellType>Grass</CellType>
    <CellType>Grass</CellType>
    <CellType>Grass</CellType>
    <CellType>Grass</CellType>
    <CellType>Grass</CellType>
    <CellType>Grass</CellType>
    <CellType>Grass</CellType>
    <CellType>Grass</CellType>
    <CellType>Grass</CellType>
    <CellType>Grass</CellType>
    <CellType>Grass</CellType>
    <CellType>Grass</CellType>
    <CellType>Grass</CellType>
    <CellType>Grass</CellType>
    <CellType>Grass</CellType>
    <CellType>Grass</CellType>
    <CellType>Grass</CellType>
    <CellType>Grass</CellType>
    <CellType>Sand</CellType>
    <CellType>Grass</CellType>
    <CellType>Grass</CellType>
    <CellType>Grass</CellType>
    <CellType>Grass</CellType>
    <CellType>Grass</CellType>
    <CellType>Grass</CellType>
    <CellType>Grass</CellType>
    <CellType>Grass</CellType>
    <CellType>Water</CellType>
    <CellType>Water</CellType>
    <CellType>Sand</CellType>
    <CellType>Sand</CellType>
    <CellType>Sand</CellType>
    <CellType>Sand</CellType>
    <CellType>Sand</CellType>
    <CellType>Sand</CellType>
    <CellType>Sand</CellType>
    <CellType>Sand</CellType>
    <CellType>Sand</CellType>
    <CellType>Sand</CellType>
    <CellType>Sand</CellType>
    <CellType>Sand</CellType>
    <CellType>Grass</CellType>
    <CellType>Grass</CellType>
    <CellType>Grass</CellType>
    <CellType>Grass</CellType>
    <CellType>Grass</CellType>
    <CellType>Grass</CellType>
    <CellType>Grass</CellType>
    <CellType>Grass</CellType>
    <CellType>Grass</CellType>
    <CellType>Grass</CellType>
    <CellType>Grass</CellType>
    <CellType>Grass</CellType>
    <CellType>Grass</CellType>
    <CellType>Grass</CellType>
    <CellType>Grass</CellType>
    <CellType>Grass</CellType>
    <CellType>Grass</CellType>
    <CellType>Sand</CellType>
    <CellType>Grass</CellType>
    <CellType>Grass</CellType>
    <CellType>Grass</CellType>
    <CellType>Grass</CellType>
    <CellType>Grass</CellType>
    <CellType>Grass</CellType>
    <CellType>Grass</CellType>
    <CellType>Grass</CellType>
    <CellType>Water</CellType>
    <CellType>Water</CellType>
    <CellType>Sand</CellType>
    <CellType>Sand</CellType>
    <CellType>Sand</CellType>
    <CellType>Sand</CellType>
    <CellType>Sand</CellType>
    <CellType>Sand</CellType>
    <CellType>Sand</CellType>
    <CellType>Sand</CellType>
    <CellType>Sand</CellType>
    <CellType>Sand</CellType>
    <CellType>Sand</CellType>
    <CellType>Sand</CellType>
    <CellType>Sand</CellType>
    <CellType>Sand</CellType>
    <CellType>Grass</CellType>
    <CellType>Grass</CellType>
    <CellType>Grass</CellType>
    <CellType>Grass</CellType>
    <CellType>Grass</CellType>
    <CellType>Grass</CellType>
    <CellType>Grass</CellType>
    <CellType>Grass</CellType>
    <CellType>Grass</CellType>
    <CellType>Grass</CellType>
    <CellType>Grass</CellType>
    <CellType>Grass</CellType>
    <CellType>Grass</CellType>
    <CellType>Grass</CellType>
    <CellType>Grass</CellType>
    <CellType>Sand</CellType>
    <CellType>Grass</CellType>
    <CellType>Grass</CellType>
    <CellType>Grass</CellType>
    <CellType>Grass</CellType>
    <CellType>Grass</CellType>
    <CellType>Grass</CellType>
    <CellType>Grass</CellType>
    <CellType>Grass</CellType>
    <CellType>Water</CellType>
    <CellType>Water</CellType>
    <CellType>Water</CellType>
    <CellType>Sand</CellType>
    <CellType>Sand</CellType>
    <CellType>Sand</CellType>
    <CellType>Water</CellType>
    <CellType>Sand</CellType>
    <CellType>Sand</CellType>
    <CellType>Sand</CellType>
    <CellType>Grass</CellType>
    <CellType>Grass</CellType>
    <CellType>Grass</CellType>
    <CellType>Grass</CellType>
    <CellType>Grass</CellType>
    <CellType>Grass</CellType>
    <CellType>Sand</CellType>
    <CellType>Sand</CellType>
    <CellType>Grass</CellType>
    <CellType>Grass</CellType>
    <CellType>Grass</CellType>
    <CellType>Grass</CellType>
    <CellType>Grass</CellType>
    <CellType>Grass</CellType>
    <CellType>Grass</CellType>
    <CellType>Grass</CellType>
    <CellType>Grass</CellType>
    <CellType>Grass</CellType>
    <CellType>Grass</CellType>
    <CellType>Grass</CellType>
    <CellType>Grass</CellType>
    <CellType>Sand</CellType>
    <CellType>Grass</CellType>
    <CellType>Grass</CellType>
    <CellType>Grass</CellType>
    <CellType>Grass</CellType>
    <CellType>Grass</CellType>
    <CellType>Grass</CellType>
    <CellType>Grass</CellType>
    <CellType>Sand</CellType>
    <CellType>Water</CellType>
    <CellType>Water</CellType>
    <CellType>Water</CellType>
    <CellType>Water</CellType>
    <CellType>Water</CellType>
    <CellType>Water</CellType>
    <CellType>Water</CellType>
    <CellType>Water</CellType>
    <CellType>Water</CellType>
    <CellType>Sand</CellType>
    <CellType>Sand</CellType>
    <CellType>Grass</CellType>
    <CellType>Grass</CellType>
    <CellType>Grass</CellType>
    <CellType>Grass</CellType>
    <CellType>Grass</CellType>
    <CellType>Grass</CellType>
    <CellType>Sand</CellType>
    <CellType>Sand</CellType>
    <CellType>Sand</CellType>
    <CellType>Grass</CellType>
    <CellType>Grass</CellType>
    <CellType>Grass</CellType>
    <CellType>Grass</CellType>
    <CellType>Grass</CellType>
    <CellType>Grass</CellType>
    <CellType>Grass</CellType>
    <CellType>Grass</CellType>
    <CellType>Grass</CellType>
    <CellType>Grass</CellType>
    <CellType>Grass</CellType>
    <CellType>Sand</CellType>
    <CellType>Grass</CellType>
    <CellType>Grass</CellType>
    <CellType>Grass</CellType>
    <CellType>Grass</CellType>
    <CellType>Grass</CellType>
    <CellType>Grass</CellType>
    <CellType>Sand</CellType>
    <CellType>Sand</CellType>
    <CellType>Grass</CellType>
    <CellType>Grass</CellType>
    <CellType>Water</CellType>
    <CellType>Water</CellType>
    <CellType>Water</CellType>
    <CellType>Water</CellType>
    <CellType>Water</CellType>
    <CellType>Water</CellType>
    <CellType>Water</CellType>
    <CellType>Water</CellType>
    <CellType>Water</CellType>
    <CellType>Sand</CellType>
    <CellType>Grass</CellType>
    <CellType>Grass</CellType>
    <CellType>Grass</CellType>
    <CellType>Grass</CellType>
    <CellType>Grass</CellType>
    <CellType>Grass</CellType>
    <CellType>Grass</CellType>
    <CellType>Sand</CellType>
    <CellType>Sand</CellType>
    <CellType>Grass</CellType>
    <CellType>Grass</CellType>
    <CellType>Grass</CellType>
    <CellType>Grass</CellType>
    <CellType>Grass</CellType>
    <CellType>Grass</CellType>
    <CellType>Grass</CellType>
    <CellType>Grass</CellType>
    <CellType>Grass</CellType>
    <CellType>Grass</CellType>
    <CellType>Sand</CellType>
    <CellType>Grass</CellType>
    <CellType>Grass</CellType>
    <CellType>Grass</CellType>
    <CellType>Grass</CellType>
    <CellType>Grass</CellType>
    <CellType>Grass</CellType>
    <CellType>Sand</CellType>
    <CellType>Grass</CellType>
    <CellType>Grass</CellType>
    <CellType>Grass</CellType>
    <CellType>Grass</CellType>
    <CellType>Grass</CellType>
    <CellType>Water</CellType>
    <CellType>Water</CellType>
    <CellType>Water</CellType>
    <CellType>Water</CellType>
    <CellType>Water</CellType>
    <CellType>Water</CellType>
    <CellType>Water</CellType>
    <CellType>Sand</CellType>
    <CellType>Sand</CellType>
    <CellType>Grass</CellType>
    <CellType>Grass</CellType>
    <CellType>Grass</CellType>
    <CellType>Grass</CellType>
    <CellType>Grass</CellType>
    <CellType>Grass</CellType>
    <CellType>Grass</CellType>
    <CellType>Sand</CellType>
    <CellType>Grass</CellType>
    <CellType>Grass</CellType>
    <CellType>Grass</CellType>
    <CellType>Grass</CellType>
    <CellType>Grass</CellType>
    <CellType>Grass</CellType>
    <CellType>Grass</CellType>
    <CellType>Grass</CellType>
    <CellType>Grass</CellType>
    <CellType>Grass</CellType>
    <CellType>Sand</CellType>
    <CellType>Grass</CellType>
    <CellType>Grass</CellType>
    <CellType>Grass</CellType>
    <CellType>Grass</CellType>
    <CellType>Grass</CellType>
    <CellType>Sand</CellType>
    <CellType>Sand</CellType>
    <CellType>Grass</CellType>
    <CellType>Grass</CellType>
    <CellType>Grass</CellType>
    <CellType>Grass</CellType>
    <CellType>Grass</CellType>
    <CellType>Grass</CellType>
    <CellType>Grass</CellType>
    <CellType>Water</CellType>
    <CellType>Water</CellType>
    <CellType>Water</CellType>
    <CellType>Water</CellType>
    <CellType>Water</CellType>
    <CellType>Water</CellType>
    <CellType>Water</CellType>
    <CellType>Sand</CellType>
    <CellType>Grass</CellType>
    <CellType>Grass</CellType>
    <CellType>Grass</CellType>
    <CellType>Grass</CellType>
    <CellType>Grass</CellType>
    <CellType>Grass</CellType>
    <CellType>Grass</CellType>
    <CellType>Sand</CellType>
    <CellType>Grass</CellType>
    <CellType>Grass</CellType>
    <CellType>Grass</CellType>
    <CellType>Grass</CellType>
    <CellType>Grass</CellType>
    <CellType>Grass</CellType>
    <CellType>Grass</CellType>
    <CellType>Grass</CellType>
    <CellType>Grass</CellType>
    <CellType>Sand</CellType>
    <CellType>Grass</CellType>
    <CellType>Grass</CellType>
    <CellType>Grass</CellType>
    <CellType>Grass</CellType>
    <CellType>Grass</CellType>
    <CellType>Sand</CellType>
    <CellType>Grass</CellType>
    <CellType>Grass</CellType>
    <CellType>Grass</CellType>
    <CellType>Grass</CellType>
    <CellType>Grass</CellType>
    <CellType>Grass</CellType>
    <CellType>Grass</CellType>
    <CellType>Grass</CellType>
    <CellType>Grass</CellType>
    <CellType>Water</CellType>
    <CellType>Water</CellType>
    <CellType>Water</CellType>
    <CellType>Water</CellType>
    <CellType>Water</CellType>
    <CellType>Water</CellType>
    <CellType>Sand</CellType>
    <CellType>Grass</CellType>
    <CellType>Grass</CellType>
    <CellType>Grass</CellType>
    <CellType>Grass</CellType>
    <CellType>Grass</CellType>
    <CellType>Grass</CellType>
    <CellType>Grass</CellType>
    <CellType>Sand</CellType>
    <CellType>Sand</CellType>
    <CellType>Grass</CellType>
    <CellType>Grass</CellType>
    <CellType>Grass</CellType>
    <CellType>Grass</CellType>
    <CellType>Grass</CellType>
    <CellType>Grass</CellType>
    <CellType>Grass</CellType>
    <CellType>Grass</CellType>
    <CellType>Sand</CellType>
    <CellType>Grass</CellType>
    <CellType>Grass</CellType>
    <CellType>Grass</CellType>
    <CellType>Grass</CellType>
    <CellType>Sand</CellType>
    <CellType>Sand</CellType>
    <CellType>Grass</CellType>
    <CellType>Grass</CellType>
    <CellType>Grass</CellType>
    <CellType>Grass</CellType>
    <CellType>Grass</CellType>
    <CellType>Grass</CellType>
    <CellType>Grass</CellType>
    <CellType>Grass</CellType>
    <CellType>Grass</CellType>
    <CellType>Water</CellType>
    <CellType>Water</CellType>
    <CellType>Water</CellType>
    <CellType>Water</CellType>
    <CellType>Water</CellType>
    <CellType>Water</CellType>
    <CellType>Sand</CellType>
    <CellType>Grass</CellType>
    <CellType>Grass</CellType>
    <CellType>Grass</CellType>
    <CellType>Grass</CellType>
    <CellType>Grass</CellType>
    <CellType>Grass</CellType>
    <CellType>Grass</CellType>
    <CellType>Grass</CellType>
    <CellType>Sand</CellType>
    <CellType>Grass</CellType>
    <CellType>Grass</CellType>
    <CellType>Grass</CellType>
    <CellType>Grass</CellType>
    <CellType>Grass</CellType>
    <CellType>Grass</CellType>
    <CellType>Grass</CellType>
    <CellType>Grass</CellType>
    <CellType>Sand</CellType>
    <CellType>Grass</CellType>
    <CellType>Grass</CellType>
    <CellType>Grass</CellType>
    <CellType>Grass</CellType>
    <CellType>Sand</CellType>
    <CellType>Grass</CellType>
    <CellType>Grass</CellType>
    <CellType>Grass</CellType>
    <CellType>Grass</CellType>
    <CellType>Grass</CellType>
    <CellType>Grass</CellType>
    <CellType>Grass</CellType>
    <CellType>Grass</CellType>
    <CellType>Grass</CellType>
    <CellType>Grass</CellType>
    <CellType>Water</CellType>
    <CellType>Water</CellType>
    <CellType>Water</CellType>
    <CellType>Water</CellType>
    <CellType>Water</CellType>
    <CellType>Water</CellType>
    <CellType>Sand</CellType>
    <CellType>Grass</CellType>
    <CellType>Grass</CellType>
    <CellType>Grass</CellType>
    <CellType>Grass</CellType>
    <CellType>Grass</CellType>
    <CellType>Grass</CellType>
    <CellType>Grass</CellType>
    <CellType>Grass</CellType>
    <CellType>Sand</CellType>
    <CellType>Grass</CellType>
    <CellType>Grass</CellType>
    <CellType>Grass</CellType>
    <CellType>Grass</CellType>
    <CellType>Grass</CellType>
    <CellType>Grass</CellType>
    <CellType>Grass</CellType>
    <CellType>Grass</CellType>
    <CellType>Sand</CellType>
    <CellType>Grass</CellType>
    <CellType>Grass</CellType>
    <CellType>Grass</CellType>
    <CellType>Grass</CellType>
    <CellType>Sand</CellType>
    <CellType>Grass</CellType>
    <CellType>Grass</CellType>
    <CellType>Grass</CellType>
    <CellType>Grass</CellType>
    <CellType>Grass</CellType>
    <CellType>Grass</CellType>
    <CellType>Grass</CellType>
    <CellType>Grass</CellType>
    <CellType>Grass</CellType>
    <CellType>Grass</CellType>
    <CellType>Water</CellType>
    <CellType>Water</CellType>
    <CellType>Water</CellType>
    <CellType>Grass</CellType>
    <CellType>Water</CellType>
    <CellType>Grass</CellType>
    <CellType>Sand</CellType>
    <CellType>Grass</CellType>
    <CellType>Grass</CellType>
    <CellType>Grass</CellType>
    <CellType>Grass</CellType>
    <CellType>Grass</CellType>
    <CellType>Grass</CellType>
    <CellType>Grass</CellType>
    <CellType>Grass</CellType>
    <CellType>Sand</CellType>
    <CellType>Sand</CellType>
    <CellType>Grass</CellType>
    <CellType>Grass</CellType>
    <CellType>Grass</CellType>
    <CellType>Grass</CellType>
    <CellType>Grass</CellType>
    <CellType>Grass</CellType>
    <CellType>Grass</CellType>
    <CellType>Sand</CellType>
    <CellType>Grass</CellType>
    <CellType>Grass</CellType>
    <CellType>Grass</CellType>
    <CellType>Grass</CellType>
    <CellType>Sand</CellType>
    <CellType>Grass</CellType>
    <CellType>Grass</CellType>
    <CellType>Grass</CellType>
    <CellType>Grass</CellType>
    <CellType>Grass</CellType>
    <CellType>Grass</CellType>
    <CellType>Grass</CellType>
    <CellType>Grass</CellType>
    <CellType>Grass</CellType>
    <CellType>Water</CellType>
    <CellType>Water</CellType>
    <CellType>Water</CellType>
    <CellType>Water</CellType>
    <CellType>Water</CellType>
    <CellType>Water</CellType>
    <CellType>Grass</CellType>
    <CellType>Sand</CellType>
    <CellType>Grass</CellType>
    <CellType>Grass</CellType>
    <CellType>Grass</CellType>
    <CellType>Grass</CellType>
    <CellType>Grass</CellType>
    <CellType>Grass</CellType>
    <CellType>Grass</CellType>
    <CellType>Grass</CellType>
    <CellType>Grass</CellType>
    <CellType>Sand</CellType>
    <CellType>Grass</CellType>
    <CellType>Grass</CellType>
    <CellType>Grass</CellType>
    <CellType>Grass</CellType>
    <CellType>Grass</CellType>
    <CellType>Grass</CellType>
    <CellType>Grass</CellType>
    <CellType>Sand</CellType>
    <CellType>Grass</CellType>
    <CellType>Grass</CellType>
    <CellType>Grass</CellType>
    <CellType>Grass</CellType>
    <CellType>Sand</CellType>
    <CellType>Grass</CellType>
    <CellType>Grass</CellType>
    <CellType>Grass</CellType>
    <CellType>Grass</CellType>
    <CellType>Grass</CellType>
    <CellType>Grass</CellType>
    <CellType>Grass</CellType>
    <CellType>Grass</CellType>
    <CellType>Grass</CellType>
    <CellType>Grass</CellType>
    <CellType>Grass</CellType>
    <CellType>Grass</CellType>
    <CellType>Grass</CellType>
    <CellType>Grass</CellType>
    <CellType>Grass</CellType>
    <CellType>Grass</CellType>
    <CellType>Sand</CellType>
    <CellType>Grass</CellType>
    <CellType>Grass</CellType>
    <CellType>Grass</CellType>
    <CellType>Grass</CellType>
    <CellType>Grass</CellType>
    <CellType>Grass</CellType>
    <CellType>Grass</CellType>
    <CellType>Grass</CellType>
    <CellType>Grass</CellType>
    <CellType>Sand</CellType>
    <CellType>Grass</CellType>
    <CellType>Grass</CellType>
    <CellType>Grass</CellType>
    <CellType>Grass</CellType>
    <CellType>Grass</CellType>
    <CellType>Grass</CellType>
    <CellType>Grass</CellType>
    <CellType>Sand</CellType>
    <CellType>Grass</CellType>
    <CellType>Grass</CellType>
    <CellType>Grass</CellType>
    <CellType>Grass</CellType>
    <CellType>Sand</CellType>
    <CellType>Sand</CellType>
    <CellType>Grass</CellType>
    <CellType>Grass</CellType>
    <CellType>Grass</CellType>
    <CellType>Grass</CellType>
    <CellType>Grass</CellType>
    <CellType>Grass</CellType>
    <CellType>Grass</CellType>
    <CellType>Grass</CellType>
    <CellType>Grass</CellType>
    <CellType>Grass</CellType>
    <CellType>Grass</CellType>
    <CellType>Grass</CellType>
    <CellType>Grass</CellType>
    <CellType>Grass</CellType>
    <CellType>Sand</CellType>
    <CellType>Sand</CellType>
    <CellType>Grass</CellType>
    <CellType>Grass</CellType>
    <CellType>Grass</CellType>
    <CellType>Grass</CellType>
    <CellType>Grass</CellType>
    <CellType>Grass</CellType>
    <CellType>Grass</CellType>
    <CellType>Grass</CellType>
    <CellType>Grass</CellType>
    <CellType>Sand</CellType>
    <CellType>Grass</CellType>
    <CellType>Grass</CellType>
    <CellType>Grass</CellType>
    <CellType>Grass</CellType>
    <CellType>Grass</CellType>
    <CellType>Grass</CellType>
    <CellType>Grass</CellType>
    <CellType>Sand</CellType>
    <CellType>Grass</CellType>
    <CellType>Grass</CellType>
    <CellType>Grass</CellType>
    <CellType>Grass</CellType>
    <CellType>Grass</CellType>
    <CellType>Sand</CellType>
    <CellType>Grass</CellType>
    <CellType>Grass</CellType>
    <CellType>Grass</CellType>
    <CellType>Grass</CellType>
    <CellType>Grass</CellType>
    <CellType>Grass</CellType>
    <CellType>Grass</CellType>
    <CellType>Grass</CellType>
    <CellType>Grass</CellType>
    <CellType>Grass</CellType>
    <CellType>Grass</CellType>
    <CellType>Grass</CellType>
    <CellType>Grass</CellType>
    <CellType>Grass</CellType>
    <CellType>Sand</CellType>
    <CellType>Grass</CellType>
    <CellType>Grass</CellType>
    <CellType>Grass</CellType>
    <CellType>Grass</CellType>
    <CellType>Grass</CellType>
    <CellType>Grass</CellType>
    <CellType>Grass</CellType>
    <CellType>Grass</CellType>
    <CellType>Grass</CellType>
    <CellType>Grass</CellType>
    <CellType>Sand</CellType>
    <CellType>Sand</CellType>
    <CellType>Grass</CellType>
    <CellType>Grass</CellType>
    <CellType>Grass</CellType>
    <CellType>Grass</CellType>
    <CellType>Grass</CellType>
    <CellType>Grass</CellType>
    <CellType>Sand</CellType>
    <CellType>Grass</CellType>
    <CellType>Grass</CellType>
    <CellType>Grass</CellType>
    <CellType>Grass</CellType>
    <CellType>Grass</CellType>
    <CellType>Sand</CellType>
    <CellType>Sand</CellType>
    <CellType>Grass</CellType>
    <CellType>Grass</CellType>
    <CellType>Grass</CellType>
    <CellType>Grass</CellType>
    <CellType>Grass</CellType>
    <CellType>Grass</CellType>
    <CellType>Grass</CellType>
    <CellType>Grass</CellType>
    <CellType>Grass</CellType>
    <CellType>Grass</CellType>
    <CellType>Grass</CellType>
    <CellType>Sand</CellType>
    <CellType>Sand</CellType>
    <CellType>Grass</CellType>
    <CellType>Grass</CellType>
    <CellType>Grass</CellType>
    <CellType>Grass</CellType>
    <CellType>Grass</CellType>
    <CellType>Grass</CellType>
    <CellType>Grass</CellType>
    <CellType>Grass</CellType>
    <CellType>Grass</CellType>
    <CellType>Grass</CellType>
    <CellType>Grass</CellType>
    <CellType>Grass</CellType>
    <CellType>Sand</CellType>
    <CellType>Grass</CellType>
    <CellType>Grass</CellType>
    <CellType>Grass</CellType>
    <CellType>Grass</CellType>
    <CellType>Grass</CellType>
    <CellType>Grass</CellType>
    <CellType>Sand</CellType>
    <CellType>Grass</CellType>
    <CellType>Grass</CellType>
    <CellType>Grass</CellType>
    <CellType>Grass</CellType>
    <CellType>Grass</CellType>
    <CellType>Grass</CellType>
    <CellType>Sand</CellType>
    <CellType>Sand</CellType>
    <CellType>Grass</CellType>
    <CellType>Grass</CellType>
    <CellType>Grass</CellType>
    <CellType>Grass</CellType>
    <CellType>Grass</CellType>
    <CellType>Grass</CellType>
    <CellType>Grass</CellType>
    <CellType>Grass</CellType>
    <CellType>Grass</CellType>
    <CellType>Sand</CellType>
    <CellType>Sand</CellType>
    <CellType>Grass</CellType>
    <CellType>Grass</CellType>
    <CellType>Grass</CellType>
    <CellType>Grass</CellType>
    <CellType>Grass</CellType>
    <CellType>Grass</CellType>
    <CellType>Grass</CellType>
    <CellType>Grass</CellType>
    <CellType>Grass</CellType>
    <CellType>Grass</CellType>
    <CellType>Grass</CellType>
    <CellType>Grass</CellType>
    <CellType>Grass</CellType>
    <CellType>Sand</CellType>
    <CellType>Grass</CellType>
    <CellType>Grass</CellType>
    <CellType>Grass</CellType>
    <CellType>Grass</CellType>
    <CellType>Grass</CellType>
    <CellType>Grass</CellType>
    <CellType>Sand</CellType>
    <CellType>Grass</CellType>
    <CellType>Grass</CellType>
    <CellType>Grass</CellType>
    <CellType>Grass</CellType>
    <CellType>Grass</CellType>
    <CellType>Grass</CellType>
    <CellType>Grass</CellType>
    <CellType>Sand</CellType>
    <CellType>Sand</CellType>
    <CellType>Grass</CellType>
    <CellType>Grass</CellType>
    <CellType>Grass</CellType>
    <CellType>Grass</CellType>
    <CellType>Grass</CellType>
    <CellType>Grass</CellType>
    <CellType>Sand</CellType>
    <CellType>Sand</CellType>
    <CellType>Sand</CellType>
    <CellType>Grass</CellType>
    <CellType>Grass</CellType>
    <CellType>Grass</CellType>
    <CellType>Grass</CellType>
    <CellType>Grass</CellType>
    <CellType>Grass</CellType>
    <CellType>Grass</CellType>
    <CellType>Grass</CellType>
    <CellType>Grass</CellType>
    <CellType>Grass</CellType>
    <CellType>Grass</CellType>
    <CellType>Grass</CellType>
    <CellType>Grass</CellType>
    <CellType>Grass</CellType>
    <CellType>Sand</CellType>
    <CellType>Grass</CellType>
    <CellType>Grass</CellType>
    <CellType>Grass</CellType>
    <CellType>Grass</CellType>
    <CellType>Grass</CellType>
    <CellType>Grass</CellType>
    <CellType>Sand</CellType>
    <CellType>Grass</CellType>
    <CellType>Grass</CellType>
    <CellType>Grass</CellType>
    <CellType>Grass</CellType>
    <CellType>Grass</CellType>
    <CellType>Grass</CellType>
    <CellType>Grass</CellType>
    <CellType>Grass</CellType>
    <CellType>Sand</CellType>
    <CellType>Sand</CellType>
    <CellType>Sand</CellType>
    <CellType>Sand</CellType>
    <CellType>Sand</CellType>
    <CellType>Sand</CellType>
    <CellType>Sand</CellType>
    <CellType>Grass</CellType>
    <CellType>Grass</CellType>
    <CellType>Grass</CellType>
    <CellType>Grass</CellType>
    <CellType>Grass</CellType>
    <CellType>Grass</CellType>
    <CellType>Grass</CellType>
    <CellType>Water</CellType>
    <CellType>Water</CellType>
    <CellType>Water</CellType>
    <CellType>Grass</CellType>
    <CellType>Grass</CellType>
    <CellType>Grass</CellType>
    <CellType>Grass</CellType>
    <CellType>Grass</CellType>
    <CellType>Grass</CellType>
    <CellType>Grass</CellType>
    <CellType>Sand</CellType>
    <CellType>Grass</CellType>
    <CellType>Grass</CellType>
    <CellType>Grass</CellType>
    <CellType>Grass</CellType>
    <CellType>Grass</CellType>
    <CellType>Grass</CellType>
    <CellType>Sand</CellType>
    <CellType>Grass</CellType>
    <CellType>Grass</CellType>
    <CellType>Grass</CellType>
    <CellType>Grass</CellType>
    <CellType>Grass</CellType>
    <CellType>Grass</CellType>
    <CellType>Grass</CellType>
    <CellType>Grass</CellType>
    <CellType>Grass</CellType>
    <CellType>Grass</CellType>
    <CellType>Grass</CellType>
    <CellType>Grass</CellType>
    <CellType>Grass</CellType>
    <CellType>Grass</CellType>
    <CellType>Grass</CellType>
    <CellType>Grass</CellType>
    <CellType>Grass</CellType>
    <CellType>Grass</CellType>
    <CellType>Grass</CellType>
    <CellType>Grass</CellType>
    <CellType>Grass</CellType>
    <CellType>Grass</CellType>
    <CellType>Water</CellType>
    <CellType>Water</CellType>
    <CellType>Water</CellType>
    <CellType>Grass</CellType>
    <CellType>Grass</CellType>
    <CellType>Grass</CellType>
    <CellType>Grass</CellType>
    <CellType>Grass</CellType>
    <CellType>Grass</CellType>
    <CellType>Grass</CellType>
    <CellType>Sand</CellType>
    <CellType>Grass</CellType>
    <CellType>Grass</CellType>
    <CellType>Grass</CellType>
    <CellType>Grass</CellType>
    <CellType>Grass</CellType>
    <CellType>Grass</CellType>
    <CellType>Sand</CellType>
    <CellType>Grass</CellType>
    <CellType>Grass</CellType>
    <CellType>Grass</CellType>
    <CellType>Grass</CellType>
    <CellType>Grass</CellType>
    <CellType>Grass</CellType>
    <CellType>Grass</CellType>
    <CellType>Grass</CellType>
    <CellType>Grass</CellType>
    <CellType>Grass</CellType>
    <CellType>Grass</CellType>
    <CellType>Grass</CellType>
    <CellType>Grass</CellType>
    <CellType>Grass</CellType>
    <CellType>Grass</CellType>
    <CellType>Grass</CellType>
    <CellType>Grass</CellType>
    <CellType>Grass</CellType>
    <CellType>Grass</CellType>
    <CellType>Grass</CellType>
    <CellType>Grass</CellType>
    <CellType>Grass</CellType>
    <CellType>Water</CellType>
    <CellType>Water</CellType>
    <CellType>Water</CellType>
    <CellType>Water</CellType>
    <CellType>Grass</CellType>
    <CellType>Grass</CellType>
    <CellType>Grass</CellType>
    <CellType>Grass</CellType>
    <CellType>Grass</CellType>
    <CellType>Grass</CellType>
    <CellType>Sand</CellType>
    <CellType>Sand</CellType>
    <CellType>Grass</CellType>
    <CellType>Grass</CellType>
    <CellType>Grass</CellType>
    <CellType>Grass</CellType>
    <CellType>Grass</CellType>
    <CellType>Sand</CellType>
    <CellType>Grass</CellType>
    <CellType>Grass</CellType>
    <CellType>Grass</CellType>
    <CellType>Grass</CellType>
    <CellType>Grass</CellType>
    <CellType>Grass</CellType>
    <CellType>Grass</CellType>
    <CellType>Grass</CellType>
    <CellType>Grass</CellType>
    <CellType>Grass</CellType>
    <CellType>Grass</CellType>
    <CellType>Grass</CellType>
    <CellType>Grass</CellType>
    <CellType>Grass</CellType>
    <CellType>Grass</CellType>
    <CellType>Grass</CellType>
    <CellType>Grass</CellType>
    <CellType>Grass</CellType>
    <CellType>Grass</CellType>
    <CellType>Grass</CellType>
    <CellType>Grass</CellType>
    <CellType>Grass</CellType>
    <CellType>Grass</CellType>
    <CellType>Water</CellType>
    <CellType>Water</CellType>
    <CellType>Water</CellType>
    <CellType>Grass</CellType>
    <CellType>Grass</CellType>
    <CellType>Grass</CellType>
    <CellType>Grass</CellType>
    <CellType>Grass</CellType>
    <CellType>Grass</CellType>
    <CellType>Grass</CellType>
    <CellType>Sand</CellType>
    <CellType>Sand</CellType>
    <CellType>Grass</CellType>
    <CellType>Grass</CellType>
    <CellType>Grass</CellType>
    <CellType>Grass</CellType>
    <CellType>Sand</CellType>
    <CellType>Grass</CellType>
    <CellType>Grass</CellType>
    <CellType>Grass</CellType>
    <CellType>Grass</CellType>
    <CellType>Grass</CellType>
    <CellType>Grass</CellType>
    <CellType>Grass</CellType>
    <CellType>Grass</CellType>
    <CellType>Grass</CellType>
    <CellType>Grass</CellType>
    <CellType>Grass</CellType>
    <CellType>Grass</CellType>
    <CellType>Grass</CellType>
    <CellType>Grass</CellType>
    <CellType>Grass</CellType>
    <CellType>Grass</CellType>
    <CellType>Grass</CellType>
    <CellType>Grass</CellType>
    <CellType>Grass</CellType>
    <CellType>Grass</CellType>
    <CellType>Grass</CellType>
    <CellType>Grass</CellType>
    <CellType>Grass</CellType>
    <CellType>Water</CellType>
    <CellType>Water</CellType>
    <CellType>Water</CellType>
    <CellType>Water</CellType>
    <CellType>Water</CellType>
    <CellType>Grass</CellType>
    <CellType>Grass</CellType>
    <CellType>Grass</CellType>
    <CellType>Grass</CellType>
    <CellType>Grass</CellType>
    <CellType>Grass</CellType>
    <CellType>Sand</CellType>
    <CellType>Grass</CellType>
    <CellType>Grass</CellType>
    <CellType>Grass</CellType>
    <CellType>Grass</CellType>
    <CellType>Sand</CellType>
    <CellType>Grass</CellType>
    <CellType>Grass</CellType>
    <CellType>Grass</CellType>
    <CellType>Grass</CellType>
    <CellType>Grass</CellType>
    <CellType>Grass</CellType>
    <CellType>Grass</CellType>
    <CellType>Grass</CellType>
    <CellType>Grass</CellType>
    <CellType>Grass</CellType>
    <CellType>Grass</CellType>
    <CellType>Grass</CellType>
    <CellType>Grass</CellType>
    <CellType>Grass</CellType>
    <CellType>Grass</CellType>
    <CellType>Grass</CellType>
    <CellType>Grass</CellType>
    <CellType>Grass</CellType>
    <CellType>Grass</CellType>
    <CellType>Grass</CellType>
    <CellType>Grass</CellType>
    <CellType>Grass</CellType>
    <CellType>Grass</CellType>
    <CellType>Water</CellType>
    <CellType>Water</CellType>
    <CellType>Water</CellType>
    <CellType>Water</CellType>
    <CellType>Water</CellType>
    <CellType>Water</CellType>
    <CellType>Water</CellType>
    <CellType>Water</CellType>
    <CellType>Grass</CellType>
    <CellType>Grass</CellType>
    <CellType>Grass</CellType>
    <CellType>Sand</CellType>
    <CellType>Sand</CellType>
    <CellType>Grass</CellType>
    <CellType>Grass</CellType>
    <CellType>Grass</CellType>
    <CellType>Sand</CellType>
    <CellType>Grass</CellType>
    <CellType>Grass</CellType>
    <CellType>Grass</CellType>
    <CellType>Grass</CellType>
    <CellType>Grass</CellType>
    <CellType>Grass</CellType>
    <CellType>Grass</CellType>
    <CellType>Grass</CellType>
    <CellType>Grass</CellType>
    <CellType>Grass</CellType>
    <CellType>Grass</CellType>
    <CellType>Grass</CellType>
    <CellType>Grass</CellType>
    <CellType>Grass</CellType>
    <CellType>Grass</CellType>
    <CellType>Grass</CellType>
    <CellType>Grass</CellType>
    <CellType>Grass</CellType>
    <CellType>Grass</CellType>
    <CellType>Grass</CellType>
    <CellType>Grass</CellType>
    <CellType>Grass</CellType>
    <CellType>Grass</CellType>
    <CellType>Water</CellType>
    <CellType>Water</CellType>
    <CellType>Water</CellType>
    <CellType>Water</CellType>
    <CellType>Water</CellType>
    <CellType>Water</CellType>
    <CellType>Water</CellType>
    <CellType>Water</CellType>
    <CellType>Water</CellType>
    <CellType>Water</CellType>
    <CellType>Water</CellType>
    <CellType>Water</CellType>
    <CellType>Water</CellType>
    <CellType>Sand</CellType>
    <CellType>Sand</CellType>
    <CellType>Sand</CellType>
    <CellType>Sand</CellType>
    <CellType>Grass</CellType>
    <CellType>Grass</CellType>
    <CellType>Grass</CellType>
    <CellType>Grass</CellType>
    <CellType>Grass</CellType>
    <CellType>Grass</CellType>
    <CellType>Grass</CellType>
    <CellType>Grass</CellType>
    <CellType>Grass</CellType>
    <CellType>Grass</CellType>
    <CellType>Grass</CellType>
    <CellType>Grass</CellType>
    <CellType>Grass</CellType>
    <CellType>Grass</CellType>
    <CellType>Grass</CellType>
    <CellType>Grass</CellType>
    <CellType>Grass</CellType>
    <CellType>Grass</CellType>
    <CellType>Grass</CellType>
    <CellType>Grass</CellType>
    <CellType>Grass</CellType>
    <CellType>Grass</CellType>
    <CellType>Grass</CellType>
    <CellType>Grass</CellType>
    <CellType>Grass</CellType>
    <CellType>Water</CellType>
    <CellType>Water</CellType>
    <CellType>Water</CellType>
    <CellType>Water</CellType>
    <CellType>Water</CellType>
    <CellType>Water</CellType>
    <CellType>Water</CellType>
    <CellType>Water</CellType>
    <CellType>Water</CellType>
    <CellType>Water</CellType>
    <CellType>Water</CellType>
    <CellType>Water</CellType>
    <CellType>Water</CellType>
    <CellType>Water</CellType>
    <CellType>Water</CellType>
    <CellType>Grass</CellType>
    <CellType>Grass</CellType>
    <CellType>Grass</CellType>
    <CellType>Grass</CellType>
    <CellType>Grass</CellType>
    <CellType>Grass</CellType>
    <CellType>Grass</CellType>
    <CellType>Grass</CellType>
    <CellType>Grass</CellType>
    <CellType>Grass</CellType>
    <CellType>Grass</CellType>
    <CellType>Grass</CellType>
    <CellType>Grass</CellType>
    <CellType>Grass</CellType>
    <CellType>Grass</CellType>
    <CellType>Grass</CellType>
    <CellType>Grass</CellType>
    <CellType>Grass</CellType>
    <CellType>Grass</CellType>
    <CellType>Grass</CellType>
    <CellType>Grass</CellType>
    <CellType>Grass</CellType>
    <CellType>Grass</CellType>
    <CellType>Grass</CellType>
    <CellType>Grass</CellType>
    <CellType>Grass</CellType>
    <CellType>Grass</CellType>
    <CellType>Grass</CellType>
    <CellType>Grass</CellType>
    <CellType>Grass</CellType>
    <CellType>Grass</CellType>
    <CellType>Grass</CellType>
    <CellType>Grass</CellType>
    <CellType>Grass</CellType>
    <CellType>Grass</CellType>
    <CellType>Grass</CellType>
    <CellType>Grass</CellType>
    <CellType>Grass</CellType>
    <CellType>Grass</CellType>
    <CellType>Grass</CellType>
    <CellType>Grass</CellType>
    <CellType>Grass</CellType>
    <CellType>Grass</CellType>
    <CellType>Grass</CellType>
    <CellType>Grass</CellType>
    <CellType>Grass</CellType>
    <CellType>Grass</CellType>
    <CellType>Grass</CellType>
    <CellType>Grass</CellType>
    <CellType>Grass</CellType>
    <CellType>Grass</CellType>
    <CellType>Grass</CellType>
    <CellType>Grass</CellType>
    <CellType>Grass</CellType>
    <CellType>Grass</CellType>
    <CellType>Grass</CellType>
    <CellType>Grass</CellType>
    <CellType>Grass</CellType>
    <CellType>Grass</CellType>
    <CellType>Grass</CellType>
    <CellType>Grass</CellType>
    <CellType>Grass</CellType>
    <CellType>Grass</CellType>
    <CellType>Grass</CellType>
    <CellType>Grass</CellType>
    <CellType>Grass</CellType>
    <CellType>Grass</CellType>
    <CellType>Grass</CellType>
    <CellType>Grass</CellType>
    <CellType>Grass</CellType>
    <CellType>Grass</CellType>
    <CellType>Grass</CellType>
    <CellType>Grass</CellType>
    <CellType>Grass</CellType>
    <CellType>Grass</CellType>
    <CellType>Grass</CellType>
    <CellType>Grass</CellType>
    <CellType>Grass</CellType>
    <CellType>Grass</CellType>
    <CellType>Grass</CellType>
    <CellType>Grass</CellType>
    <CellType>Grass</CellType>
    <CellType>Grass</CellType>
    <CellType>Grass</CellType>
    <CellType>Grass</CellType>
    <CellType>Grass</CellType>
    <CellType>Grass</CellType>
    <CellType>Grass</CellType>
    <CellType>Grass</CellType>
    <CellType>Grass</CellType>
    <CellType>Grass</CellType>
    <CellType>Grass</CellType>
    <CellType>Grass</CellType>
    <CellType>Grass</CellType>
    <CellType>Grass</CellType>
    <CellType>Grass</CellType>
    <CellType>Grass</CellType>
    <CellType>Grass</CellType>
    <CellType>Grass</CellType>
    <CellType>Grass</CellType>
    <CellType>Grass</CellType>
    <CellType>Grass</CellType>
    <CellType>Grass</CellType>
    <CellType>Grass</CellType>
    <CellType>Grass</CellType>
    <CellType>Grass</CellType>
    <CellType>Grass</CellType>
    <CellType>Grass</CellType>
    <CellType>Grass</CellType>
    <CellType>Grass</CellType>
    <CellType>Grass</CellType>
    <CellType>Grass</CellType>
    <CellType>Grass</CellType>
    <CellType>Grass</CellType>
    <CellType>Grass</CellType>
    <CellType>Grass</CellType>
    <CellType>Grass</CellType>
    <CellType>Grass</CellType>
    <CellType>Grass</CellType>
    <CellType>Grass</CellType>
    <CellType>Grass</CellType>
    <CellType>Grass</CellType>
    <CellType>Grass</CellType>
    <CellType>Grass</CellType>
    <CellType>Grass</CellType>
    <CellType>Grass</CellType>
    <CellType>Grass</CellType>
    <CellType>Grass</CellType>
    <CellType>Grass</CellType>
    <CellType>Grass</CellType>
    <CellType>Grass</CellType>
    <CellType>Grass</CellType>
    <CellType>Grass</CellType>
    <CellType>Grass</CellType>
    <CellType>Grass</CellType>
    <CellType>Grass</CellType>
    <CellType>Grass</CellType>
    <CellType>Grass</CellType>
    <CellType>Grass</CellType>
    <CellType>Grass</CellType>
    <CellType>Grass</CellType>
    <CellType>Grass</CellType>
    <CellType>Grass</CellType>
    <CellType>Grass</CellType>
    <CellType>Grass</CellType>
    <CellType>Grass</CellType>
    <CellType>Grass</CellType>
    <CellType>Grass</CellType>
    <CellType>Grass</CellType>
    <CellType>Grass</CellType>
    <CellType>Grass</CellType>
    <CellType>Grass</CellType>
    <CellType>Grass</CellType>
    <CellType>Grass</CellType>
    <CellType>Grass</CellType>
    <CellType>Grass</CellType>
    <CellType>Grass</CellType>
    <CellType>Grass</CellType>
    <CellType>Grass</CellType>
    <CellType>Grass</CellType>
    <CellType>Grass</CellType>
    <CellType>Grass</CellType>
    <CellType>Grass</CellType>
    <CellType>Grass</CellType>
    <CellType>Grass</CellType>
    <CellType>Grass</CellType>
    <CellType>Grass</CellType>
    <CellType>Grass</CellType>
    <CellType>Grass</CellType>
    <CellType>Grass</CellType>
    <CellType>Grass</CellType>
    <CellType>Grass</CellType>
    <CellType>Grass</CellType>
    <CellType>Grass</CellType>
    <CellType>Grass</CellType>
    <CellType>Grass</CellType>
    <CellType>Grass</CellType>
    <CellType>Grass</CellType>
    <CellType>Grass</CellType>
    <CellType>Grass</CellType>
    <CellType>Grass</CellType>
    <CellType>Grass</CellType>
    <CellType>Grass</CellType>
    <CellType>Grass</CellType>
    <CellType>Grass</CellType>
    <CellType>Grass</CellType>
    <CellType>Grass</CellType>
    <CellType>Grass</CellType>
    <CellType>Grass</CellType>
    <CellType>Grass</CellType>
    <CellType>Grass</CellType>
    <CellType>Grass</CellType>
    <CellType>Grass</CellType>
    <CellType>Grass</CellType>
    <CellType>Grass</CellType>
    <CellType>Grass</CellType>
    <CellType>Grass</CellType>
    <CellType>Grass</CellType>
    <CellType>Grass</CellType>
    <CellType>Grass</CellType>
    <CellType>Grass</CellType>
    <CellType>Grass</CellType>
    <CellType>Grass</CellType>
    <CellType>Grass</CellType>
    <CellType>Grass</CellType>
    <CellType>Grass</CellType>
    <CellType>Grass</CellType>
    <CellType>Grass</CellType>
    <CellType>Grass</CellType>
    <CellType>Grass</CellType>
    <CellType>Grass</CellType>
    <CellType>Grass</CellType>
    <CellType>Grass</CellType>
    <CellType>Grass</CellType>
    <CellType>Grass</CellType>
    <CellType>Grass</CellType>
    <CellType>Grass</CellType>
    <CellType>Grass</CellType>
    <CellType>Grass</CellType>
    <CellType>Grass</CellType>
    <CellType>Grass</CellType>
    <CellType>Grass</CellType>
    <CellType>Grass</CellType>
    <CellType>Grass</CellType>
    <CellType>Grass</CellType>
    <CellType>Grass</CellType>
    <CellType>Grass</CellType>
    <CellType>Grass</CellType>
    <CellType>Grass</CellType>
    <CellType>Grass</CellType>
    <CellType>Grass</CellType>
    <CellType>Grass</CellType>
    <CellType>Grass</CellType>
    <CellType>Grass</CellType>
    <CellType>Grass</CellType>
    <CellType>Grass</CellType>
    <CellType>Grass</CellType>
    <CellType>Grass</CellType>
    <CellType>Grass</CellType>
    <CellType>Grass</CellType>
  </Cells>
  <Items>
    <Item xsi:type="BoxItem">
      <Position>
        <X>5.5</X>
        <Y>2.5</Y>
      </Position>
      <InventoryItems>
        <InventoryItem>
          <Name>Diamant</Name>
        </InventoryItem>
      </InventoryItems>
    </Item>
    <Item xsi:type="TreeItem">
      <Position>
        <X>1.5</X>
        <Y>2.5</Y>
      </Position>
    </Item>
    <Item xsi:type="TreeItem">
      <Position>
        <X>3.5</X>
        <Y>4.5</Y>
      </Position>
    </Item>
    <Item xsi:type="TreeItem">
      <Position>
        <X>5.5</X>
        <Y>5.5</Y>
      </Position>
    </Item>
    <Item xsi:type="TreeItem">
      <Position>
        <X>8.5</X>
        <Y>6.5</Y>
      </Position>
    </Item>
    <Item xsi:type="TreeItem">
      <Position>
        <X>14.5</X>
        <Y>7.5</Y>
      </Position>
    </Item>
    <Item xsi:type="TreeItem">
      <Position>
        <X>20.5</X>
        <Y>6.5</Y>
      </Position>
    </Item>
    <Item xsi:type="TreeItem">
      <Position>
        <X>23.5</X>
        <Y>5.5</Y>
      </Position>
    </Item>
    <Item xsi:type="TreeItem">
      <Position>
        <X>25.5</X>
        <Y>4.5</Y>
      </Position>
    </Item>
    <Item xsi:type="TreeItem">
      <Position>
        <X>27.5</X>
        <Y>2.5</Y>
      </Position>
    </Item>
  </Items>
</Map>